Archive member included to satisfy reference by file (symbol)

D:/STM32CubeCLT/STM32CubeCLT_1.16.0/GNU-tools-for-STM32/bin/../lib/gcc/arm-none-eabi/12.3.1/thumb/v7e-m/nofp\libgcc.a(_aeabi_uldivmod.o)
                              CMakeFiles/Serial_1.elf.dir/Drivers/STM32F4xx_HAL_Driver/Src/stm32f4xx_hal_rcc.c.obj (__aeabi_uldivmod)
D:/STM32CubeCLT/STM32CubeCLT_1.16.0/GNU-tools-for-STM32/bin/../lib/gcc/arm-none-eabi/12.3.1/thumb/v7e-m/nofp\libgcc.a(_udivmoddi4.o)
                              D:/STM32CubeCLT/STM32CubeCLT_1.16.0/GNU-tools-for-STM32/bin/../lib/gcc/arm-none-eabi/12.3.1/thumb/v7e-m/nofp\libgcc.a(_aeabi_uldivmod.o) (__udivmoddi4)
D:/STM32CubeCLT/STM32CubeCLT_1.16.0/GNU-tools-for-STM32/bin/../lib/gcc/arm-none-eabi/12.3.1/thumb/v7e-m/nofp\libgcc.a(_dvmd_tls.o)
                              D:/STM32CubeCLT/STM32CubeCLT_1.16.0/GNU-tools-for-STM32/bin/../lib/gcc/arm-none-eabi/12.3.1/thumb/v7e-m/nofp\libgcc.a(_aeabi_uldivmod.o) (__aeabi_ldiv0)
D:/STM32CubeCLT/STM32CubeCLT_1.16.0/GNU-tools-for-STM32/bin/../lib/gcc/arm-none-eabi/12.3.1/../../../../arm-none-eabi/lib/thumb/v7e-m/nofp\libg.a(libc_a-exit.o)
                              D:/STM32CubeCLT/STM32CubeCLT_1.16.0/GNU-tools-for-STM32/bin/../lib/gcc/arm-none-eabi/12.3.1/../../../../arm-none-eabi/lib/thumb/v7e-m/nofp/crt0.o (exit)
D:/STM32CubeCLT/STM32CubeCLT_1.16.0/GNU-tools-for-STM32/bin/../lib/gcc/arm-none-eabi/12.3.1/../../../../arm-none-eabi/lib/thumb/v7e-m/nofp\libg.a(libc_a-findfp.o)
                              D:/STM32CubeCLT/STM32CubeCLT_1.16.0/GNU-tools-for-STM32/bin/../lib/gcc/arm-none-eabi/12.3.1/../../../../arm-none-eabi/lib/thumb/v7e-m/nofp\libg.a(libc_a-exit.o) (__stdio_exit_handler)
D:/STM32CubeCLT/STM32CubeCLT_1.16.0/GNU-tools-for-STM32/bin/../lib/gcc/arm-none-eabi/12.3.1/../../../../arm-none-eabi/lib/thumb/v7e-m/nofp\libg.a(libc_a-fwalk.o)
                              D:/STM32CubeCLT/STM32CubeCLT_1.16.0/GNU-tools-for-STM32/bin/../lib/gcc/arm-none-eabi/12.3.1/../../../../arm-none-eabi/lib/thumb/v7e-m/nofp\libg.a(libc_a-findfp.o) (_fwalk_sglue)
D:/STM32CubeCLT/STM32CubeCLT_1.16.0/GNU-tools-for-STM32/bin/../lib/gcc/arm-none-eabi/12.3.1/../../../../arm-none-eabi/lib/thumb/v7e-m/nofp\libg.a(libc_a-stdio.o)
                              D:/STM32CubeCLT/STM32CubeCLT_1.16.0/GNU-tools-for-STM32/bin/../lib/gcc/arm-none-eabi/12.3.1/../../../../arm-none-eabi/lib/thumb/v7e-m/nofp\libg.a(libc_a-findfp.o) (__sread)
D:/STM32CubeCLT/STM32CubeCLT_1.16.0/GNU-tools-for-STM32/bin/../lib/gcc/arm-none-eabi/12.3.1/../../../../arm-none-eabi/lib/thumb/v7e-m/nofp\libg.a(libc_a-memset.o)
                              D:/STM32CubeCLT/STM32CubeCLT_1.16.0/GNU-tools-for-STM32/bin/../lib/gcc/arm-none-eabi/12.3.1/../../../../arm-none-eabi/lib/thumb/v7e-m/nofp/crt0.o (memset)
D:/STM32CubeCLT/STM32CubeCLT_1.16.0/GNU-tools-for-STM32/bin/../lib/gcc/arm-none-eabi/12.3.1/../../../../arm-none-eabi/lib/thumb/v7e-m/nofp\libg.a(libc_a-closer.o)
                              D:/STM32CubeCLT/STM32CubeCLT_1.16.0/GNU-tools-for-STM32/bin/../lib/gcc/arm-none-eabi/12.3.1/../../../../arm-none-eabi/lib/thumb/v7e-m/nofp\libg.a(libc_a-stdio.o) (_close_r)
D:/STM32CubeCLT/STM32CubeCLT_1.16.0/GNU-tools-for-STM32/bin/../lib/gcc/arm-none-eabi/12.3.1/../../../../arm-none-eabi/lib/thumb/v7e-m/nofp\libg.a(libc_a-reent.o)
                              D:/STM32CubeCLT/STM32CubeCLT_1.16.0/GNU-tools-for-STM32/bin/../lib/gcc/arm-none-eabi/12.3.1/../../../../arm-none-eabi/lib/thumb/v7e-m/nofp\libg.a(libc_a-closer.o) (errno)
D:/STM32CubeCLT/STM32CubeCLT_1.16.0/GNU-tools-for-STM32/bin/../lib/gcc/arm-none-eabi/12.3.1/../../../../arm-none-eabi/lib/thumb/v7e-m/nofp\libg.a(libc_a-impure.o)
                              D:/STM32CubeCLT/STM32CubeCLT_1.16.0/GNU-tools-for-STM32/bin/../lib/gcc/arm-none-eabi/12.3.1/../../../../arm-none-eabi/lib/thumb/v7e-m/nofp\libg.a(libc_a-reent.o) (_impure_ptr)
D:/STM32CubeCLT/STM32CubeCLT_1.16.0/GNU-tools-for-STM32/bin/../lib/gcc/arm-none-eabi/12.3.1/../../../../arm-none-eabi/lib/thumb/v7e-m/nofp\libg.a(libc_a-lseekr.o)
                              D:/STM32CubeCLT/STM32CubeCLT_1.16.0/GNU-tools-for-STM32/bin/../lib/gcc/arm-none-eabi/12.3.1/../../../../arm-none-eabi/lib/thumb/v7e-m/nofp\libg.a(libc_a-stdio.o) (_lseek_r)
D:/STM32CubeCLT/STM32CubeCLT_1.16.0/GNU-tools-for-STM32/bin/../lib/gcc/arm-none-eabi/12.3.1/../../../../arm-none-eabi/lib/thumb/v7e-m/nofp\libg.a(libc_a-readr.o)
                              D:/STM32CubeCLT/STM32CubeCLT_1.16.0/GNU-tools-for-STM32/bin/../lib/gcc/arm-none-eabi/12.3.1/../../../../arm-none-eabi/lib/thumb/v7e-m/nofp\libg.a(libc_a-stdio.o) (_read_r)
D:/STM32CubeCLT/STM32CubeCLT_1.16.0/GNU-tools-for-STM32/bin/../lib/gcc/arm-none-eabi/12.3.1/../../../../arm-none-eabi/lib/thumb/v7e-m/nofp\libg.a(libc_a-writer.o)
                              D:/STM32CubeCLT/STM32CubeCLT_1.16.0/GNU-tools-for-STM32/bin/../lib/gcc/arm-none-eabi/12.3.1/../../../../arm-none-eabi/lib/thumb/v7e-m/nofp\libg.a(libc_a-stdio.o) (_write_r)
[...]
Memory Configuration

Name             Origin             Length             Attributes
CCMRAM           0x10000000         0x00010000         xrw
RAM              0x20000000         0x00030000         xrw
FLASH            0x08000000         0x00200000         xr
*default*        0x00000000         0xffffffff

Linker script and memory map

LOAD D:/STM32CubeCLT/STM32CubeCLT_1.16.0/GNU-tools-for-STM32/bin/../lib/gcc/arm-none-eabi/12.3.1/thumb/v7e-m/nofp/crti.o
LOAD D:/STM32CubeCLT/STM32CubeCLT_1.16.0/GNU-tools-for-STM32/bin/../lib/gcc/arm-none-eabi/12.3.1/thumb/v7e-m/nofp/crtbegin.o
LOAD D:/STM32CubeCLT/STM32CubeCLT_1.16.0/GNU-tools-for-STM32/bin/../lib/gcc/arm-none-eabi/12.3.1/../../../../arm-none-eabi/lib/thumb/v7e-m/nofp/crt0.o
LOAD CMakeFiles/Serial_1.elf.dir/Core/Src/gpio.c.obj
LOAD CMakeFiles/Serial_1.elf.dir/Core/Src/main.c.obj
LOAD CMakeFiles/Serial_1.elf.dir/Core/Src/stm32f4xx_hal_msp.c.obj
LOAD CMakeFiles/Serial_1.elf.dir/Core/Src/stm32f4xx_it.c.obj
LOAD CMakeFiles/Serial_1.elf.dir/Core/Src/syscalls.c.obj
LOAD CMakeFiles/Serial_1.elf.dir/Core/Src/sysmem.c.obj
LOAD CMakeFiles/Serial_1.elf.dir/Core/Src/system_stm32f4xx.c.obj
LOAD CMakeFiles/Serial_1.elf.dir/Core/Src/usart.c.obj
LOAD CMakeFiles/Serial_1.elf.dir/Core/Startup/startup_stm32f427iihx.s.obj
LOAD CMakeFiles/Serial_1.elf.dir/Drivers/STM32F4xx_HAL_Driver/Src/stm32f4xx_hal.c.obj
LOAD CMakeFiles/Serial_1.elf.dir/Drivers/STM32F4xx_HAL_Driver/Src/stm32f4xx_hal_cortex.c.obj
LOAD CMakeFiles/Serial_1.elf.dir/Drivers/STM32F4xx_HAL_Driver/Src/stm32f4xx_hal_dma.c.obj
LOAD CMakeFiles/Serial_1.elf.dir/Drivers/STM32F4xx_HAL_Driver/Src/stm32f4xx_hal_dma_ex.c.obj
LOAD CMakeFiles/Serial_1.elf.dir/Drivers/STM32F4xx_HAL_Driver/Src/stm32f4xx_hal_exti.c.obj
LOAD CMakeFiles/Serial_1.elf.dir/Drivers/STM32F4xx_HAL_Driver/Src/stm32f4xx_hal_flash.c.obj
LOAD CMakeFiles/Serial_1.elf.dir/Drivers/STM32F4xx_HAL_Driver/Src/stm32f4xx_hal_flash_ex.c.obj
LOAD CMakeFiles/Serial_1.elf.dir/Drivers/STM32F4xx_HAL_Driver/Src/stm32f4xx_hal_flash_ramfunc.c.obj
LOAD CMakeFiles/Serial_1.elf.dir/Drivers/STM32F4xx_HAL_Driver/Src/stm32f4xx_hal_gpio.c.obj
LOAD CMakeFiles/Serial_1.elf.dir/Drivers/STM32F4xx_HAL_Driver/Src/stm32f4xx_hal_pwr.c.obj
LOAD CMakeFiles/Serial_1.elf.dir/Drivers/STM32F4xx_HAL_Driver/Src/stm32f4xx_hal_pwr_ex.c.obj
LOAD CMakeFiles/Serial_1.elf.dir/Drivers/STM32F4xx_HAL_Driver/Src/stm32f4xx_hal_rcc.c.obj
LOAD CMakeFiles/Serial_1.elf.dir/Drivers/STM32F4xx_HAL_Driver/Src/stm32f4xx_hal_rcc_ex.c.obj
LOAD CMakeFiles/Serial_1.elf.dir/Drivers/STM32F4xx_HAL_Driver/Src/stm32f4xx_hal_tim.c.obj
LOAD CMakeFiles/Serial_1.elf.dir/Drivers/STM32F4xx_HAL_Driver/Src/stm32f4xx_hal_tim_ex.c.obj
LOAD CMakeFiles/Serial_1.elf.dir/Drivers/STM32F4xx_HAL_Driver/Src/stm32f4xx_hal_uart.c.obj
START GROUP
LOAD D:/STM32CubeCLT/STM32CubeCLT_1.16.0/GNU-tools-for-STM32/bin/../lib/gcc/arm-none-eabi/12.3.1/thumb/v7e-m/nofp\libgcc.a
LOAD D:/STM32CubeCLT/STM32CubeCLT_1.16.0/GNU-tools-for-STM32/bin/../lib/gcc/arm-none-eabi/12.3.1/../../../../arm-none-eabi/lib/thumb/v7e-m/nofp\libg.a
LOAD D:/STM32CubeCLT/STM32CubeCLT_1.16.0/GNU-tools-for-STM32/bin/../lib/gcc/arm-none-eabi/12.3.1/../../../../arm-none-eabi/lib/thumb/v7e-m/nofp\libc.a
END GROUP
LOAD D:/STM32CubeCLT/STM32CubeCLT_1.16.0/GNU-tools-for-STM32/bin/../lib/gcc/arm-none-eabi/12.3.1/thumb/v7e-m/nofp/crtend.o
LOAD D:/STM32CubeCLT/STM32CubeCLT_1.16.0/GNU-tools-for-STM32/bin/../lib/gcc/arm-none-eabi/12.3.1/thumb/v7e-m/nofp/crtn.o
                0x20030000                        _estack = (ORIGIN (RAM) + LENGTH (RAM))
                0x00000200                        _Min_Heap_Size = 0x200
                0x00000400                        _Min_Stack_Size = 0x400

.isr_vector     0x08000000      0x1ac
                0x08000000                        . = ALIGN (0x4)
 *(.isr_vector)
 .isr_vector    0x08000000      0x1ac CMakeFiles/Serial_1.elf.dir/Core/Startup/startup_stm32f427iihx.s.obj
                0x08000000                g_pfnVectors
                0x080001ac                        . = ALIGN (0x4)

.text           0x080001ac     0x1a00
                0x080001ac                        . = ALIGN (0x4)
 *(.text)
 .text          0x080001ac       0x40 D:/STM32CubeCLT/STM32CubeCLT_1.16.0/GNU-tools-for-STM32/bin/../lib/gcc/arm-none-eabi/12.3.1/thumb/v7e-m/nofp/crtbegin.o
 .text          0x080001ec       0x30 D:/STM32CubeCLT/STM32CubeCLT_1.16.0/GNU-tools-for-STM32/bin/../lib/gcc/arm-none-eabi/12.3.1/thumb/v7e-m/nofp\libgcc.a(_aeabi_uldivmod.o)
                0x080001ec                __aeabi_uldivmod
 .text          0x0800021c      0x2bc D:/STM32CubeCLT/STM32CubeCLT_1.16.0/GNU-tools-for-STM32/bin/../lib/gcc/arm-none-eabi/12.3.1/thumb/v7e-m/nofp\libgcc.a(_udivmoddi4.o)
                0x0800021c                __udivmoddi4
 .text          0x080004d8        0x4 D:/STM32CubeCLT/STM32CubeCLT_1.16.0/GNU-tools-for-STM32/bin/../lib/gcc/arm-none-eabi/12.3.1/thumb/v7e-m/nofp\libgcc.a(_dvmd_tls.o)
                0x080004d8                __aeabi_idiv0
                0x080004d8                __aeabi_ldiv0
 *(.text*)
 .text.MX_GPIO_Init
                0x080004dc       0xa4 CMakeFiles/Serial_1.elf.dir/Core/Src/gpio.c.obj
                0x080004dc                MX_GPIO_Init
 .text.Error_Handler
                0x08000580        0x4 CMakeFiles/Serial_1.elf.dir/Core/Src/main.c.obj
                0x08000580                Error_Handler
 .text.SystemClock_Config
                0x08000584       0x8c CMakeFiles/Serial_1.elf.dir/Core/Src/main.c.obj
                0x08000584                SystemClock_Config
 .text.main     0x08000610       0x4c CMakeFiles/Serial_1.elf.dir/Core/Src/main.c.obj
                0x08000610                main
 .text.HAL_MspInit
                0x0800065c       0x38 CMakeFiles/Serial_1.elf.dir/Core/Src/stm32f4xx_hal_msp.c.obj
                0x0800065c                HAL_MspInit
 .text.NMI_Handler
                0x08000694        0x2 CMakeFiles/Serial_1.elf.dir/Core/Src/stm32f4xx_it.c.obj
                0x08000694                NMI_Handler
 .text.HardFault_Handler
                0x08000696        0x2 CMakeFiles/Serial_1.elf.dir/Core/Src/stm32f4xx_it.c.obj
                0x08000696                HardFault_Handler
 .text.MemManage_Handler
                0x08000698        0x2 CMakeFiles/Serial_1.elf.dir/Core/Src/stm32f4xx_it.c.obj
                0x08000698                MemManage_Handler
 .text.BusFault_Handler
                0x0800069a        0x2 CMakeFiles/Serial_1.elf.dir/Core/Src/stm32f4xx_it.c.obj
                0x0800069a                BusFault_Handler
 .text.UsageFault_Handler
                0x0800069c        0x2 CMakeFiles/Serial_1.elf.dir/Core/Src/stm32f4xx_it.c.obj
                0x0800069c                UsageFault_Handler
 .text.SVC_Handler
                0x0800069e        0x2 CMakeFiles/Serial_1.elf.dir/Core/Src/stm32f4xx_it.c.obj
                0x0800069e                SVC_Handler
 .text.DebugMon_Handler
                0x080006a0        0x2 CMakeFiles/Serial_1.elf.dir/Core/Src/stm32f4xx_it.c.obj
                0x080006a0                DebugMon_Handler
 .text.PendSV_Handler
                0x080006a2        0x2 CMakeFiles/Serial_1.elf.dir/Core/Src/stm32f4xx_it.c.obj
                0x080006a2                PendSV_Handler
 .text.SysTick_Handler
                0x080006a4        0x8 CMakeFiles/Serial_1.elf.dir/Core/Src/stm32f4xx_it.c.obj
                0x080006a4                SysTick_Handler
 .text.USART6_IRQHandler
                0x080006ac       0x10 CMakeFiles/Serial_1.elf.dir/Core/Src/stm32f4xx_it.c.obj
                0x080006ac                USART6_IRQHandler
 .text.SystemInit
                0x080006bc        0x2 CMakeFiles/Serial_1.elf.dir/Core/Src/system_stm32f4xx.c.obj
                0x080006bc                SystemInit
 *fill*         0x080006be        0x2 
 .text.MX_USART6_UART_Init
                0x080006c0       0x34 CMakeFiles/Serial_1.elf.dir/Core/Src/usart.c.obj
                0x080006c0                MX_USART6_UART_Init
 .text.HAL_UART_MspInit
                0x080006f4       0x80 CMakeFiles/Serial_1.elf.dir/Core/Src/usart.c.obj
                0x080006f4                HAL_UART_MspInit
 .text.Reset_Handler
                0x08000774       0x50 CMakeFiles/Serial_1.elf.dir/Core/Startup/startup_stm32f427iihx.s.obj
                0x08000774                Reset_Handler
 .text.Default_Handler
                0x080007c4        0x2 CMakeFiles/Serial_1.elf.dir/Core/Startup/startup_stm32f427iihx.s.obj
                0x080007c4                RTC_Alarm_IRQHandler
                0x080007c4                HASH_RNG_IRQHandler
                0x080007c4                EXTI2_IRQHandler
                0x080007c4                TIM8_CC_IRQHandler
                0x080007c4                UART8_IRQHandler
                0x080007c4                SPI4_IRQHandler
                0x080007c4                TIM1_CC_IRQHandler
                0x080007c4                DMA2_Stream5_IRQHandler
                0x080007c4                DMA1_Stream5_IRQHandler
                0x080007c4                PVD_IRQHandler
                0x080007c4                SDIO_IRQHandler
                0x080007c4                TAMP_STAMP_IRQHandler
                0x080007c4                CAN2_RX1_IRQHandler
                0x080007c4                EXTI3_IRQHandler
                0x080007c4                TIM8_TRG_COM_TIM14_IRQHandler
                0x080007c4                TIM1_UP_TIM10_IRQHandler
                0x080007c4                TIM8_UP_TIM13_IRQHandler
                0x080007c4                I2C3_ER_IRQHandler
                0x080007c4                EXTI0_IRQHandler
                0x080007c4                I2C2_EV_IRQHandler
                0x080007c4                DMA1_Stream2_IRQHandler
                0x080007c4                CAN1_RX0_IRQHandler
                0x080007c4                FPU_IRQHandler
                0x080007c4                OTG_HS_WKUP_IRQHandler
                0x080007c4                CAN2_SCE_IRQHandler
                0x080007c4                DMA2_Stream2_IRQHandler
                0x080007c4                SPI1_IRQHandler
                0x080007c4                TIM6_DAC_IRQHandler
                0x080007c4                TIM1_BRK_TIM9_IRQHandler
                0x080007c4                DCMI_IRQHandler
                0x080007c4                CAN2_RX0_IRQHandler
                0x080007c4                DMA2_Stream3_IRQHandler
                0x080007c4                USART3_IRQHandler
                0x080007c4                CAN1_RX1_IRQHandler
                0x080007c4                UART5_IRQHandler
                0x080007c4                DMA2_Stream0_IRQHandler
                0x080007c4                TIM4_IRQHandler
                0x080007c4                I2C1_EV_IRQHandler
                0x080007c4                DMA1_Stream6_IRQHandler
                0x080007c4                DMA1_Stream1_IRQHandler
                0x080007c4                UART4_IRQHandler
                0x080007c4                TIM3_IRQHandler
                0x080007c4                RCC_IRQHandler
                0x080007c4                TIM8_BRK_TIM12_IRQHandler
                0x080007c4                Default_Handler
                0x080007c4                EXTI15_10_IRQHandler
                0x080007c4                ADC_IRQHandler
                0x080007c4                DMA1_Stream7_IRQHandler
                0x080007c4                SPI5_IRQHandler
                0x080007c4                TIM7_IRQHandler
                0x080007c4                CAN2_TX_IRQHandler
                0x080007c4                TIM5_IRQHandler
                0x080007c4                DMA2_Stream7_IRQHandler
                0x080007c4                I2C3_EV_IRQHandler
                0x080007c4                EXTI9_5_IRQHandler
                0x080007c4                RTC_WKUP_IRQHandler
                0x080007c4                ETH_WKUP_IRQHandler
                0x080007c4                SPI2_IRQHandler
                0x080007c4                OTG_HS_EP1_IN_IRQHandler
                0x080007c4                DMA1_Stream0_IRQHandler
                0x080007c4                CAN1_TX_IRQHandler
                0x080007c4                EXTI4_IRQHandler
                0x080007c4                ETH_IRQHandler
                0x080007c4                OTG_HS_EP1_OUT_IRQHandler
                0x080007c4                WWDG_IRQHandler
                0x080007c4                SPI6_IRQHandler
                0x080007c4                TIM2_IRQHandler
                0x080007c4                OTG_FS_WKUP_IRQHandler
                0x080007c4                TIM1_TRG_COM_TIM11_IRQHandler
                0x080007c4                OTG_HS_IRQHandler
                0x080007c4                DMA2D_IRQHandler
                0x080007c4                EXTI1_IRQHandler
                0x080007c4                UART7_IRQHandler
                0x080007c4                USART2_IRQHandler
                0x080007c4                I2C2_ER_IRQHandler
                0x080007c4                DMA2_Stream1_IRQHandler
                0x080007c4                CAN1_SCE_IRQHandler
                0x080007c4                FLASH_IRQHandler
                0x080007c4                DMA2_Stream4_IRQHandler
                0x080007c4                USART1_IRQHandler
                0x080007c4                OTG_FS_IRQHandler
                0x080007c4                SPI3_IRQHandler
                0x080007c4                DMA1_Stream4_IRQHandler
                0x080007c4                I2C1_ER_IRQHandler
                0x080007c4                FMC_IRQHandler
                0x080007c4                DMA2_Stream6_IRQHandler
                0x080007c4                SAI1_IRQHandler
                0x080007c4                DMA1_Stream3_IRQHandler
 *fill*         0x080007c6        0x2 
 .text.HAL_InitTick
                0x080007c8       0x4c CMakeFiles/Serial_1.elf.dir/Drivers/STM32F4xx_HAL_Driver/Src/stm32f4xx_hal.c.obj
                0x080007c8                HAL_InitTick
 .text.HAL_Init
                0x08000814       0x34 CMakeFiles/Serial_1.elf.dir/Drivers/STM32F4xx_HAL_Driver/Src/stm32f4xx_hal.c.obj
                0x08000814                HAL_Init
 .text.HAL_IncTick
                0x08000848       0x18 CMakeFiles/Serial_1.elf.dir/Drivers/STM32F4xx_HAL_Driver/Src/stm32f4xx_hal.c.obj
                0x08000848                HAL_IncTick
 .text.HAL_GetTick
                0x08000860        0xc CMakeFiles/Serial_1.elf.dir/Drivers/STM32F4xx_HAL_Driver/Src/stm32f4xx_hal.c.obj
                0x08000860                HAL_GetTick
 .text.__NVIC_EnableIRQ
                0x0800086c       0x1c CMakeFiles/Serial_1.elf.dir/Drivers/STM32F4xx_HAL_Driver/Src/stm32f4xx_hal_cortex.c.obj
 .text.__NVIC_SetPriority
                0x08000888       0x28 CMakeFiles/Serial_1.elf.dir/Drivers/STM32F4xx_HAL_Driver/Src/stm32f4xx_hal_cortex.c.obj
 .text.NVIC_EncodePriority
                0x080008b0       0x3e CMakeFiles/Serial_1.elf.dir/Drivers/STM32F4xx_HAL_Driver/Src/stm32f4xx_hal_cortex.c.obj
 *fill*         0x080008ee        0x2 
 .text.HAL_NVIC_SetPriorityGrouping
                0x080008f0       0x24 CMakeFiles/Serial_1.elf.dir/Drivers/STM32F4xx_HAL_Driver/Src/stm32f4xx_hal_cortex.c.obj
                0x080008f0                HAL_NVIC_SetPriorityGrouping
 .text.HAL_NVIC_SetPriority
                0x08000914       0x20 CMakeFiles/Serial_1.elf.dir/Drivers/STM32F4xx_HAL_Driver/Src/stm32f4xx_hal_cortex.c.obj
                0x08000914                HAL_NVIC_SetPriority
 .text.HAL_NVIC_EnableIRQ
                0x08000934        0x8 CMakeFiles/Serial_1.elf.dir/Drivers/STM32F4xx_HAL_Driver/Src/stm32f4xx_hal_cortex.c.obj
                0x08000934                HAL_NVIC_EnableIRQ
 .text.HAL_SYSTICK_Config
                0x0800093c       0x28 CMakeFiles/Serial_1.elf.dir/Drivers/STM32F4xx_HAL_Driver/Src/stm32f4xx_hal_cortex.c.obj
                0x0800093c                HAL_SYSTICK_Config
 .text.HAL_DMA_Abort
                0x08000964       0x94 CMakeFiles/Serial_1.elf.dir/Drivers/STM32F4xx_HAL_Driver/Src/stm32f4xx_hal_dma.c.obj
                0x08000964                HAL_DMA_Abort
 .text.HAL_DMA_Abort_IT
                0x080009f8       0x26 CMakeFiles/Serial_1.elf.dir/Drivers/STM32F4xx_HAL_Driver/Src/stm32f4xx_hal_dma.c.obj
                0x080009f8                HAL_DMA_Abort_IT
 *fill*         0x08000a1e        0x2 
 .text.HAL_GPIO_Init
                0x08000a20      0x20c CMakeFiles/Serial_1.elf.dir/Drivers/STM32F4xx_HAL_Driver/Src/stm32f4xx_hal_gpio.c.obj
                0x08000a20                HAL_GPIO_Init
 .text.HAL_GPIO_WritePin
                0x08000c2c        0xc CMakeFiles/Serial_1.elf.dir/Drivers/STM32F4xx_HAL_Driver/Src/stm32f4xx_hal_gpio.c.obj
                0x08000c2c                HAL_GPIO_WritePin
 .text.HAL_RCC_OscConfig
                0x08000c38      0x3f8 CMakeFiles/Serial_1.elf.dir/Drivers/STM32F4xx_HAL_Driver/Src/stm32f4xx_hal_rcc.c.obj
                0x08000c38                HAL_RCC_OscConfig
 .text.HAL_RCC_GetSysClockFreq
                0x08001030       0xa8 CMakeFiles/Serial_1.elf.dir/Drivers/STM32F4xx_HAL_Driver/Src/stm32f4xx_hal_rcc.c.obj
                0x08001030                HAL_RCC_GetSysClockFreq
 .text.HAL_RCC_ClockConfig
                0x080010d8      0x160 CMakeFiles/Serial_1.elf.dir/Drivers/STM32F4xx_HAL_Driver/Src/stm32f4xx_hal_rcc.c.obj
                0x080010d8                HAL_RCC_ClockConfig
 .text.HAL_RCC_GetHCLKFreq
                0x08001238        0xc CMakeFiles/Serial_1.elf.dir/Drivers/STM32F4xx_HAL_Driver/Src/stm32f4xx_hal_rcc.c.obj
                0x08001238                HAL_RCC_GetHCLKFreq
 .text.HAL_RCC_GetPCLK1Freq
                0x08001244       0x20 CMakeFiles/Serial_1.elf.dir/Drivers/STM32F4xx_HAL_Driver/Src/stm32f4xx_hal_rcc.c.obj
                0x08001244                HAL_RCC_GetPCLK1Freq
 .text.HAL_RCC_GetPCLK2Freq
                0x08001264       0x20 CMakeFiles/Serial_1.elf.dir/Drivers/STM32F4xx_HAL_Driver/Src/stm32f4xx_hal_rcc.c.obj
                0x08001264                HAL_RCC_GetPCLK2Freq
 .text.UART_EndRxTransfer
                0x08001284       0x5c CMakeFiles/Serial_1.elf.dir/Drivers/STM32F4xx_HAL_Driver/Src/stm32f4xx_hal_uart.c.obj
 .text.UART_Transmit_IT
                0x080012e0       0x60 CMakeFiles/Serial_1.elf.dir/Drivers/STM32F4xx_HAL_Driver/Src/stm32f4xx_hal_uart.c.obj
 .text.UART_SetConfig
                0x08001340      0x110 CMakeFiles/Serial_1.elf.dir/Drivers/STM32F4xx_HAL_Driver/Src/stm32f4xx_hal_uart.c.obj
 .text.UART_WaitOnFlagUntilTimeout
                0x08001450       0x86 CMakeFiles/Serial_1.elf.dir/Drivers/STM32F4xx_HAL_Driver/Src/stm32f4xx_hal_uart.c.obj
 .text.HAL_UART_Init
                0x080014d6       0x60 CMakeFiles/Serial_1.elf.dir/Drivers/STM32F4xx_HAL_Driver/Src/stm32f4xx_hal_uart.c.obj
                0x080014d6                HAL_UART_Init
 .text.HAL_UART_Transmit
                0x08001536       0xcc CMakeFiles/Serial_1.elf.dir/Drivers/STM32F4xx_HAL_Driver/Src/stm32f4xx_hal_uart.c.obj
                0x08001536                HAL_UART_Transmit
 .text.HAL_UART_Receive
                0x08001602       0xd2 CMakeFiles/Serial_1.elf.dir/Drivers/STM32F4xx_HAL_Driver/Src/stm32f4xx_hal_uart.c.obj
                0x08001602                HAL_UART_Receive
 .text.HAL_UART_TxCpltCallback
                0x080016d4        0x2 CMakeFiles/Serial_1.elf.dir/Drivers/STM32F4xx_HAL_Driver/Src/stm32f4xx_hal_uart.c.obj
                0x080016d4                HAL_UART_TxCpltCallback
 .text.UART_EndTransmit_IT
                0x080016d6       0x1a CMakeFiles/Serial_1.elf.dir/Drivers/STM32F4xx_HAL_Driver/Src/stm32f4xx_hal_uart.c.obj
 .text.HAL_UART_RxCpltCallback
                0x080016f0        0x2 CMakeFiles/Serial_1.elf.dir/Drivers/STM32F4xx_HAL_Driver/Src/stm32f4xx_hal_uart.c.obj
                0x080016f0                HAL_UART_RxCpltCallback
 .text.HAL_UART_ErrorCallback
                0x080016f2        0x2 CMakeFiles/Serial_1.elf.dir/Drivers/STM32F4xx_HAL_Driver/Src/stm32f4xx_hal_uart.c.obj
                0x080016f2                HAL_UART_ErrorCallback
 .text.UART_DMAAbortOnError
                0x080016f4       0x10 CMakeFiles/Serial_1.elf.dir/Drivers/STM32F4xx_HAL_Driver/Src/stm32f4xx_hal_uart.c.obj
 .text.HAL_UARTEx_RxEventCallback
                0x08001704        0x2 CMakeFiles/Serial_1.elf.dir/Drivers/STM32F4xx_HAL_Driver/Src/stm32f4xx_hal_uart.c.obj
                0x08001704                HAL_UARTEx_RxEventCallback
 .text.UART_Receive_IT
                0x08001706       0xe6 CMakeFiles/Serial_1.elf.dir/Drivers/STM32F4xx_HAL_Driver/Src/stm32f4xx_hal_uart.c.obj
 .text.HAL_UART_IRQHandler
                0x080017ec      0x284 CMakeFiles/Serial_1.elf.dir/Drivers/STM32F4xx_HAL_Driver/Src/stm32f4xx_hal_uart.c.obj
                0x080017ec                HAL_UART_IRQHandler
 .text.memset   0x08001a70       0x10 D:/STM32CubeCLT/STM32CubeCLT_1.16.0/GNU-tools-for-STM32/bin/../lib/gcc/arm-none-eabi/12.3.1/../../../../arm-none-eabi/lib/thumb/v7e-m/nofp\libg.a(libc_a-memset.o)
                0x08001a70                memset
 .text.__libc_init_array
                0x08001a80       0x48 D:/STM32CubeCLT/STM32CubeCLT_1.16.0/GNU-tools-for-STM32/bin/../lib/gcc/arm-none-eabi/12.3.1/../../../../arm-none-eabi/lib/thumb/v7e-m/nofp\libg.a(libc_a-init.o)
                0x08001a80                __libc_init_array
 .text.__retarget_lock_acquire_recursive
                0x08001ac8        0x2 D:/STM32CubeCLT/STM32CubeCLT_1.16.0/GNU-tools-for-STM32/bin/../lib/gcc/arm-none-eabi/12.3.1/../../../../arm-none-eabi/lib/thumb/v7e-m/nofp\libg.a(libc_a-lock.o)
                0x08001ac8                __retarget_lock_acquire_recursive
 .text.__retarget_lock_release_recursive
                0x08001aca        0x2 D:/STM32CubeCLT/STM32CubeCLT_1.16.0/GNU-tools-for-STM32/bin/../lib/gcc/arm-none-eabi/12.3.1/../../../../arm-none-eabi/lib/thumb/v7e-m/nofp\libg.a(libc_a-lock.o)
                0x08001aca                __retarget_lock_release_recursive
 .text.startup.register_fini
                0x08001acc       0x14 D:/STM32CubeCLT/STM32CubeCLT_1.16.0/GNU-tools-for-STM32/bin/../lib/gcc/arm-none-eabi/12.3.1/../../../../arm-none-eabi/lib/thumb/v7e-m/nofp\libg.a(libc_a-__call_atexit.o)
 .text.atexit   0x08001ae0        0xc D:/STM32CubeCLT/STM32CubeCLT_1.16.0/GNU-tools-for-STM32/bin/../lib/gcc/arm-none-eabi/12.3.1/../../../../arm-none-eabi/lib/thumb/v7e-m/nofp\libg.a(libc_a-atexit.o)
                0x08001ae0                atexit
 .text.__libc_fini_array
                0x08001aec       0x28 D:/STM32CubeCLT/STM32CubeCLT_1.16.0/GNU-tools-for-STM32/bin/../lib/gcc/arm-none-eabi/12.3.1/../../../../arm-none-eabi/lib/thumb/v7e-m/nofp\libg.a(libc_a-fini.o)
                0x08001aec                __libc_fini_array
 .text.__register_exitproc
                0x08001b14       0x80 D:/STM32CubeCLT/STM32CubeCLT_1.16.0/GNU-tools-for-STM32/bin/../lib/gcc/arm-none-eabi/12.3.1/../../../../arm-none-eabi/lib/thumb/v7e-m/nofp\libg.a(libc_a-__atexit.o)
                0x08001b14                __register_exitproc
 *(.glue_7)
 .glue_7        0x08001b94        0x0 linker stubs
 *(.glue_7t)
 .glue_7t       0x08001b94        0x0 linker stubs
 *(.eh_frame)
 .eh_frame      0x08001b94        0x0 D:/STM32CubeCLT/STM32CubeCLT_1.16.0/GNU-tools-for-STM32/bin/../lib/gcc/arm-none-eabi/12.3.1/thumb/v7e-m/nofp/crtbegin.o
 *(.init)
 .init          0x08001b94        0x4 D:/STM32CubeCLT/STM32CubeCLT_1.16.0/GNU-tools-for-STM32/bin/../lib/gcc/arm-none-eabi/12.3.1/thumb/v7e-m/nofp/crti.o
                0x08001b94                _init
 .init          0x08001b98        0x8 D:/STM32CubeCLT/STM32CubeCLT_1.16.0/GNU-tools-for-STM32/bin/../lib/gcc/arm-none-eabi/12.3.1/thumb/v7e-m/nofp/crtn.o
 *(.fini)
 .fini          0x08001ba0        0x4 D:/STM32CubeCLT/STM32CubeCLT_1.16.0/GNU-tools-for-STM32/bin/../lib/gcc/arm-none-eabi/12.3.1/thumb/v7e-m/nofp/crti.o
                0x08001ba0                _fini
 .fini          0x08001ba4        0x8 D:/STM32CubeCLT/STM32CubeCLT_1.16.0/GNU-tools-for-STM32/bin/../lib/gcc/arm-none-eabi/12.3.1/thumb/v7e-m/nofp/crtn.o
                0x08001bac                        . = ALIGN (0x4)
                0x08001bac                        _etext = .

.vfp11_veneer   0x08001bac        0x0
 .vfp11_veneer  0x08001bac        0x0 linker stubs

.v4_bx          0x08001bac        0x0
 .v4_bx         0x08001bac        0x0 linker stubs

.iplt           0x08001bac        0x0
 .iplt          0x08001bac        0x0 D:/STM32CubeCLT/STM32CubeCLT_1.16.0/GNU-tools-for-STM32/bin/../lib/gcc/arm-none-eabi/12.3.1/thumb/v7e-m/nofp/crtbegin.o

.rodata         0x08001bac       0x28
                0x08001bac                        . = ALIGN (0x4)
 *(.rodata)
 *(.rodata*)
 .rodata.main.str1.4
                0x08001bac        0xe CMakeFiles/Serial_1.elf.dir/Core/Src/main.c.obj
 *fill*         0x08001bba        0x2 
 .rodata.APBPrescTable
                0x08001bbc        0x8 CMakeFiles/Serial_1.elf.dir/Core/Src/system_stm32f4xx.c.obj
                0x08001bbc                APBPrescTable
 .rodata.AHBPrescTable
                0x08001bc4       0x10 CMakeFiles/Serial_1.elf.dir/Core/Src/system_stm32f4xx.c.obj
                0x08001bc4                AHBPrescTable
                0x08001bd4                        . = ALIGN (0x4)

.ARM.extab      0x08001bd4        0x0
                0x08001bd4                        . = ALIGN (0x4)
 *(.ARM.extab* .gnu.linkonce.armextab.*)
                0x08001bd4                        . = ALIGN (0x4)

.ARM            0x08001bd4        0x8
                0x08001bd4                        . = ALIGN (0x4)
                0x08001bd4                        __exidx_start = .
 *(.ARM.exidx*)
 .ARM.exidx     0x08001bd4        0x8 D:/STM32CubeCLT/STM32CubeCLT_1.16.0/GNU-tools-for-STM32/bin/../lib/gcc/arm-none-eabi/12.3.1/thumb/v7e-m/nofp\libgcc.a(_udivmoddi4.o)
                0x08001bdc                        __exidx_end = .
                0x08001bdc                        . = ALIGN (0x4)

.preinit_array  0x08001bdc        0x0
                0x08001bdc                        . = ALIGN (0x4)
                0x08001bdc                        PROVIDE (__preinit_array_start = .)
 *(.preinit_array*)
                0x08001bdc                        PROVIDE (__preinit_array_end = .)
                0x08001bdc                        . = ALIGN (0x4)

.init_array     0x08001bdc        0x8
                0x08001bdc                        . = ALIGN (0x4)
                0x08001bdc                        PROVIDE (__init_array_start = .)
 *(SORT_BY_NAME(.init_array.*))
 .init_array.00000
                0x08001bdc        0x4 D:/STM32CubeCLT/STM32CubeCLT_1.16.0/GNU-tools-for-STM32/bin/../lib/gcc/arm-none-eabi/12.3.1/../../../../arm-none-eabi/lib/thumb/v7e-m/nofp\libg.a(libc_a-__call_atexit.o)
 *(.init_array*)
 .init_array    0x08001be0        0x4 D:/STM32CubeCLT/STM32CubeCLT_1.16.0/GNU-tools-for-STM32/bin/../lib/gcc/arm-none-eabi/12.3.1/thumb/v7e-m/nofp/crtbegin.o
                0x08001be4                        PROVIDE (__init_array_end = .)
                0x08001be4                        . = ALIGN (0x4)

.fini_array     0x08001be4        0x4
                0x08001be4                        . = ALIGN (0x4)
                0x08001be4                        PROVIDE (__fini_array_start = .)
 *(SORT_BY_NAME(.fini_array.*))
 *(.fini_array*)
 .fini_array    0x08001be4        0x4 D:/STM32CubeCLT/STM32CubeCLT_1.16.0/GNU-tools-for-STM32/bin/../lib/gcc/arm-none-eabi/12.3.1/thumb/v7e-m/nofp/crtbegin.o
                0x08001be8                        PROVIDE (__fini_array_end = .)
                0x08001be8                        . = ALIGN (0x4)
                0x08001be8                        _sidata = LOADADDR (.data)

.rel.dyn        0x08001be8        0x0
 .rel.iplt      0x08001be8        0x0 D:/STM32CubeCLT/STM32CubeCLT_1.16.0/GNU-tools-for-STM32/bin/../lib/gcc/arm-none-eabi/12.3.1/thumb/v7e-m/nofp/crtbegin.o

.data           0x20000000       0x10 load address 0x08001be8
                0x20000000                        . = ALIGN (0x4)
                0x20000000                        _sdata = .
 *(.data)
 *(.data*)
 .data.SystemCoreClock
                0x20000000        0x4 CMakeFiles/Serial_1.elf.dir/Core/Src/system_stm32f4xx.c.obj
                0x20000000                SystemCoreClock
 .data.uwTickFreq
                0x20000004        0x1 CMakeFiles/Serial_1.elf.dir/Drivers/STM32F4xx_HAL_Driver/Src/stm32f4xx_hal.c.obj
                0x20000004                uwTickFreq
 *fill*         0x20000005        0x3 
 .data.uwTickPrio
                0x20000008        0x4 CMakeFiles/Serial_1.elf.dir/Drivers/STM32F4xx_HAL_Driver/Src/stm32f4xx_hal.c.obj
                0x20000008                uwTickPrio
 .data.__atexit_recursive_mutex
                0x2000000c        0x4 D:/STM32CubeCLT/STM32CubeCLT_1.16.0/GNU-tools-for-STM32/bin/../lib/gcc/arm-none-eabi/12.3.1/../../../../arm-none-eabi/lib/thumb/v7e-m/nofp\libg.a(libc_a-__call_atexit.o)
                0x2000000c                __atexit_recursive_mutex
 *(.RamFunc)
 *(.RamFunc*)
                0x20000010                        . = ALIGN (0x4)
                0x20000010                        _edata = .
                0x08001bf8                        _siccmram = LOADADDR (.ccmram)

.igot.plt       0x20000010        0x0 load address 0x08001bf8
 .igot.plt      0x20000010        0x0 D:/STM32CubeCLT/STM32CubeCLT_1.16.0/GNU-tools-for-STM32/bin/../lib/gcc/arm-none-eabi/12.3.1/thumb/v7e-m/nofp/crtbegin.o

.ccmram         0x10000000        0x0 load address 0x08001bf8
                0x10000000                        . = ALIGN (0x4)
                0x10000000                        _sccmram = .
 *(.ccmram)
 *(.ccmram*)
                0x10000000                        . = ALIGN (0x4)
                0x10000000                        _eccmram = .
                0x10000000                        . = ALIGN (0x4)

.bss            0x20000010      0x200
                0x20000010                        _sbss = .
                0x20000010                        __bss_start__ = _sbss
 *(.bss)
 .bss           0x20000010       0x1c D:/STM32CubeCLT/STM32CubeCLT_1.16.0/GNU-tools-for-STM32/bin/../lib/gcc/arm-none-eabi/12.3.1/thumb/v7e-m/nofp/crtbegin.o
 *(.bss*)
 .bss.huart6    0x2000002c       0x48 CMakeFiles/Serial_1.elf.dir/Core/Src/usart.c.obj
                0x2000002c                huart6
 .bss.uwTick    0x20000074        0x4 CMakeFiles/Serial_1.elf.dir/Drivers/STM32F4xx_HAL_Driver/Src/stm32f4xx_hal.c.obj
                0x20000074                uwTick
 .bss.__lock___atexit_recursive_mutex
                0x20000078        0x1 D:/STM32CubeCLT/STM32CubeCLT_1.16.0/GNU-tools-for-STM32/bin/../lib/gcc/arm-none-eabi/12.3.1/../../../../arm-none-eabi/lib/thumb/v7e-m/nofp\libg.a(libc_a-lock.o)
                0x20000078                __lock___atexit_recursive_mutex
 *fill*         0x20000079        0x3 
 .bss.__atexit  0x2000007c        0x4 D:/STM32CubeCLT/STM32CubeCLT_1.16.0/GNU-tools-for-STM32/bin/../lib/gcc/arm-none-eabi/12.3.1/../../../../arm-none-eabi/lib/thumb/v7e-m/nofp\libg.a(libc_a-__call_atexit.o)
                0x2000007c                __atexit
 .bss.__atexit0
                0x20000080      0x190 D:/STM32CubeCLT/STM32CubeCLT_1.16.0/GNU-tools-for-STM32/bin/../lib/gcc/arm-none-eabi/12.3.1/../../../../arm-none-eabi/lib/thumb/v7e-m/nofp\libg.a(libc_a-__atexit.o)
                0x20000080                __atexit0
 *(COMMON)
                0x20000210                        . = ALIGN (0x4)
                0x20000210                        _ebss = .
                0x20000210                        __bss_end__ = _ebss

._user_heap_stack
                0x20000210      0x600
                0x20000210                        . = ALIGN (0x8)
                [!provide]                        PROVIDE (end = .)
                0x20000210                        PROVIDE (_end = .)
                0x20000410                        . = (. + _Min_Heap_Size)
 *fill*         0x20000210      0x200 
                0x20000810                        . = (. + _Min_Stack_Size)
 *fill*         0x20000410      0x400 
                0x20000810                        . = ALIGN (0x8)

/DISCARD/
 libc.a(*)
 libm.a(*)
 libgcc.a(*)

.ARM.attributes
                0x00000000       0x2a
 *(.ARM.attributes)
 .ARM.attributes
                0x00000000       0x1e D:/STM32CubeCLT/STM32CubeCLT_1.16.0/GNU-tools-for-STM32/bin/../lib/gcc/arm-none-eabi/12.3.1/thumb/v7e-m/nofp/crti.o
 .ARM.attributes
                0x0000001e       0x2e D:/STM32CubeCLT/STM32CubeCLT_1.16.0/GNU-tools-for-STM32/bin/../lib/gcc/arm-none-eabi/12.3.1/thumb/v7e-m/nofp/crtbegin.o
 .ARM.attributes
                0x0000004c       0x2e CMakeFiles/Serial_1.elf.dir/Core/Src/gpio.c.obj
 .ARM.attributes
                0x0000007a       0x2e CMakeFiles/Serial_1.elf.dir/Core/Src/main.c.obj
 .ARM.attributes
                0x000000a8       0x2e CMakeFiles/Serial_1.elf.dir/Core/Src/stm32f4xx_hal_msp.c.obj
 .ARM.attributes
                0x000000d6       0x2e CMakeFiles/Serial_1.elf.dir/Core/Src/stm32f4xx_it.c.obj
 .ARM.attributes
                0x00000104       0x2e CMakeFiles/Serial_1.elf.dir/Core/Src/system_stm32f4xx.c.obj
 .ARM.attributes
                0x00000132       0x2e CMakeFiles/Serial_1.elf.dir/Core/Src/usart.c.obj
 .ARM.attributes
                0x00000160       0x21 CMakeFiles/Serial_1.elf.dir/Core/Startup/startup_stm32f427iihx.s.obj
 .ARM.attributes
                0x00000181       0x2e CMakeFiles/Serial_1.elf.dir/Drivers/STM32F4xx_HAL_Driver/Src/stm32f4xx_hal.c.obj
 .ARM.attributes
                0x000001af       0x2e CMakeFiles/Serial_1.elf.dir/Drivers/STM32F4xx_HAL_Driver/Src/stm32f4xx_hal_cortex.c.obj
 .ARM.attributes
                0x000001dd       0x2e CMakeFiles/Serial_1.elf.dir/Drivers/STM32F4xx_HAL_Driver/Src/stm32f4xx_hal_dma.c.obj
 .ARM.attributes
                0x0000020b       0x2e CMakeFiles/Serial_1.elf.dir/Drivers/STM32F4xx_HAL_Driver/Src/stm32f4xx_hal_gpio.c.obj
 .ARM.attributes
                0x00000239       0x2e CMakeFiles/Serial_1.elf.dir/Drivers/STM32F4xx_HAL_Driver/Src/stm32f4xx_hal_rcc.c.obj
 .ARM.attributes
                0x00000267       0x2e CMakeFiles/Serial_1.elf.dir/Drivers/STM32F4xx_HAL_Driver/Src/stm32f4xx_hal_uart.c.obj
 .ARM.attributes
                0x00000295       0x1e D:/STM32CubeCLT/STM32CubeCLT_1.16.0/GNU-tools-for-STM32/bin/../lib/gcc/arm-none-eabi/12.3.1/thumb/v7e-m/nofp\libgcc.a(_aeabi_uldivmod.o)
 .ARM.attributes
                0x000002b3       0x2e D:/STM32CubeCLT/STM32CubeCLT_1.16.0/GNU-tools-for-STM32/bin/../lib/gcc/arm-none-eabi/12.3.1/thumb/v7e-m/nofp\libgcc.a(_udivmoddi4.o)
 .ARM.attributes
                0x000002e1       0x1e D:/STM32CubeCLT/STM32CubeCLT_1.16.0/GNU-tools-for-STM32/bin/../lib/gcc/arm-none-eabi/12.3.1/thumb/v7e-m/nofp\libgcc.a(_dvmd_tls.o)
 .ARM.attributes
                0x000002ff       0x2e D:/STM32CubeCLT/STM32CubeCLT_1.16.0/GNU-tools-for-STM32/bin/../lib/gcc/arm-none-eabi/12.3.1/../../../../arm-none-eabi/lib/thumb/v7e-m/nofp\libg.a(libc_a-memset.o)
 .ARM.attributes
                0x0000032d       0x2e D:/STM32CubeCLT/STM32CubeCLT_1.16.0/GNU-tools-for-STM32/bin/../lib/gcc/arm-none-eabi/12.3.1/../../../../arm-none-eabi/lib/thumb/v7e-m/nofp\libg.a(libc_a-init.o)
 .ARM.attributes
                0x0000035b       0x2e D:/STM32CubeCLT/STM32CubeCLT_1.16.0/GNU-tools-for-STM32/bin/../lib/gcc/arm-none-eabi/12.3.1/../../../../arm-none-eabi/lib/thumb/v7e-m/nofp\libg.a(libc_a-lock.o)
 .ARM.attributes
                0x00000389       0x2e D:/STM32CubeCLT/STM32CubeCLT_1.16.0/GNU-tools-for-STM32/bin/../lib/gcc/arm-none-eabi/12.3.1/../../../../arm-none-eabi/lib/thumb/v7e-m/nofp\libg.a(libc_a-__call_atexit.o)
 .ARM.attributes
                0x000003b7       0x2e D:/STM32CubeCLT/STM32CubeCLT_1.16.0/GNU-tools-for-STM32/bin/../lib/gcc/arm-none-eabi/12.3.1/../../../../arm-none-eabi/lib/thumb/v7e-m/nofp\libg.a(libc_a-atexit.o)
 .ARM.attributes
                0x000003e5       0x2e D:/STM32CubeCLT/STM32CubeCLT_1.16.0/GNU-tools-for-STM32/bin/../lib/gcc/arm-none-eabi/12.3.1/../../../../arm-none-eabi/lib/thumb/v7e-m/nofp\libg.a(libc_a-fini.o)
 .ARM.attributes
                0x00000413       0x2e D:/STM32CubeCLT/STM32CubeCLT_1.16.0/GNU-tools-for-STM32/bin/../lib/gcc/arm-none-eabi/12.3.1/../../../../arm-none-eabi/lib/thumb/v7e-m/nofp\libg.a(libc_a-__atexit.o)
 .ARM.attributes
                0x00000441       0x1e D:/STM32CubeCLT/STM32CubeCLT_1.16.0/GNU-tools-for-STM32/bin/../lib/gcc/arm-none-eabi/12.3.1/thumb/v7e-m/nofp/crtn.o
OUTPUT(Serial_1.elf elf32-littlearm)
LOAD linker stubs
LOAD D:/STM32CubeCLT/STM32CubeCLT_1.16.0/GNU-tools-for-STM32/bin/../lib/gcc/arm-none-eabi/12.3.1/../../../../arm-none-eabi/lib/thumb/v7e-m/nofp\libc.a
LOAD D:/STM32CubeCLT/STM32CubeCLT_1.16.0/GNU-tools-for-STM32/bin/../lib/gcc/arm-none-eabi/12.3.1/../../../../arm-none-eabi/lib/thumb/v7e-m/nofp\libm.a
LOAD D:/STM32CubeCLT/STM32CubeCLT_1.16.0/GNU-tools-for-STM32/bin/../lib/gcc/arm-none-eabi/12.3.1/thumb/v7e-m/nofp\libgcc.a

.debug_info     0x00000000     0xa9f6
 .debug_info    0x00000000      0x477 CMakeFiles/Serial_1.elf.dir/Core/Src/gpio.c.obj
 .debug_info    0x00000477      0xb06 CMakeFiles/Serial_1.elf.dir/Core/Src/main.c.obj
 .debug_info    0x00000f7d      0x27d CMakeFiles/Serial_1.elf.dir/Core/Src/stm32f4xx_hal_msp.c.obj
 .debug_info    0x000011fa      0x651 CMakeFiles/Serial_1.elf.dir/Core/Src/stm32f4xx_it.c.obj
 .debug_info    0x0000184b      0x34c CMakeFiles/Serial_1.elf.dir/Core/Src/system_stm32f4xx.c.obj
 .debug_info    0x00001b97      0xc75 CMakeFiles/Serial_1.elf.dir/Core/Src/usart.c.obj
 .debug_info    0x0000280c       0x30 CMakeFiles/Serial_1.elf.dir/Core/Startup/startup_stm32f427iihx.s.obj
 .debug_info    0x0000283c      0xa4c CMakeFiles/Serial_1.elf.dir/Drivers/STM32F4xx_HAL_Driver/Src/stm32f4xx_hal.c.obj
 .debug_info    0x00003288      0xfe5 CMakeFiles/Serial_1.elf.dir/Drivers/STM32F4xx_HAL_Driver/Src/stm32f4xx_hal_cortex.c.obj
 .debug_info    0x0000426d      0xad9 CMakeFiles/Serial_1.elf.dir/Drivers/STM32F4xx_HAL_Driver/Src/stm32f4xx_hal_dma.c.obj
 .debug_info    0x00004d46      0x71c CMakeFiles/Serial_1.elf.dir/Drivers/STM32F4xx_HAL_Driver/Src/stm32f4xx_hal_gpio.c.obj
 .debug_info    0x00005462      0xa85 CMakeFiles/Serial_1.elf.dir/Drivers/STM32F4xx_HAL_Driver/Src/stm32f4xx_hal_rcc.c.obj
 .debug_info    0x00005ee7     0x3fcf CMakeFiles/Serial_1.elf.dir/Drivers/STM32F4xx_HAL_Driver/Src/stm32f4xx_hal_uart.c.obj
 .debug_info    0x00009eb6       0xe0 D:/STM32CubeCLT/STM32CubeCLT_1.16.0/GNU-tools-for-STM32/bin/../lib/gcc/arm-none-eabi/12.3.1/../../../../arm-none-eabi/lib/thumb/v7e-m/nofp\libg.a(libc_a-memset.o)
 .debug_info    0x00009f96      0x10b D:/STM32CubeCLT/STM32CubeCLT_1.16.0/GNU-tools-for-STM32/bin/../lib/gcc/arm-none-eabi/12.3.1/../../../../arm-none-eabi/lib/thumb/v7e-m/nofp\libg.a(libc_a-init.o)
 .debug_info    0x0000a0a1      0x20a D:/STM32CubeCLT/STM32CubeCLT_1.16.0/GNU-tools-for-STM32/bin/../lib/gcc/arm-none-eabi/12.3.1/../../../../arm-none-eabi/lib/thumb/v7e-m/nofp\libg.a(libc_a-lock.o)
 .debug_info    0x0000a2ab      0x2dd D:/STM32CubeCLT/STM32CubeCLT_1.16.0/GNU-tools-for-STM32/bin/../lib/gcc/arm-none-eabi/12.3.1/../../../../arm-none-eabi/lib/thumb/v7e-m/nofp\libg.a(libc_a-__call_atexit.o)
 .debug_info    0x0000a588      0x118 D:/STM32CubeCLT/STM32CubeCLT_1.16.0/GNU-tools-for-STM32/bin/../lib/gcc/arm-none-eabi/12.3.1/../../../../arm-none-eabi/lib/thumb/v7e-m/nofp\libg.a(libc_a-atexit.o)
 .debug_info    0x0000a6a0       0xf7 D:/STM32CubeCLT/STM32CubeCLT_1.16.0/GNU-tools-for-STM32/bin/../lib/gcc/arm-none-eabi/12.3.1/../../../../arm-none-eabi/lib/thumb/v7e-m/nofp\libg.a(libc_a-fini.o)
 .debug_info    0x0000a797      0x25f D:/STM32CubeCLT/STM32CubeCLT_1.16.0/GNU-tools-for-STM32/bin/../lib/gcc/arm-none-eabi/12.3.1/../../../../arm-none-eabi/lib/thumb/v7e-m/nofp\libg.a(libc_a-__atexit.o)

.debug_abbrev   0x00000000     0x2187
 .debug_abbrev  0x00000000      0x164 CMakeFiles/Serial_1.elf.dir/Core/Src/gpio.c.obj
 .debug_abbrev  0x00000164      0x22e CMakeFiles/Serial_1.elf.dir/Core/Src/main.c.obj
 .debug_abbrev  0x00000392       0xd6 CMakeFiles/Serial_1.elf.dir/Core/Src/stm32f4xx_hal_msp.c.obj
 .debug_abbrev  0x00000468      0x17e CMakeFiles/Serial_1.elf.dir/Core/Src/stm32f4xx_it.c.obj
 .debug_abbrev  0x000005e6      0x120 CMakeFiles/Serial_1.elf.dir/Core/Src/system_stm32f4xx.c.obj
 .debug_abbrev  0x00000706      0x236 CMakeFiles/Serial_1.elf.dir/Core/Src/usart.c.obj
 .debug_abbrev  0x0000093c       0x24 CMakeFiles/Serial_1.elf.dir/Core/Startup/startup_stm32f427iihx.s.obj
 .debug_abbrev  0x00000960      0x240 CMakeFiles/Serial_1.elf.dir/Drivers/STM32F4xx_HAL_Driver/Src/stm32f4xx_hal.c.obj
 .debug_abbrev  0x00000ba0      0x391 CMakeFiles/Serial_1.elf.dir/Drivers/STM32F4xx_HAL_Driver/Src/stm32f4xx_hal_cortex.c.obj
 .debug_abbrev  0x00000f31      0x2c0 CMakeFiles/Serial_1.elf.dir/Drivers/STM32F4xx_HAL_Driver/Src/stm32f4xx_hal_dma.c.obj
 .debug_abbrev  0x000011f1      0x202 CMakeFiles/Serial_1.elf.dir/Drivers/STM32F4xx_HAL_Driver/Src/stm32f4xx_hal_gpio.c.obj
 .debug_abbrev  0x000013f3      0x2c7 CMakeFiles/Serial_1.elf.dir/Drivers/STM32F4xx_HAL_Driver/Src/stm32f4xx_hal_rcc.c.obj
 .debug_abbrev  0x000016ba      0x32f CMakeFiles/Serial_1.elf.dir/Drivers/STM32F4xx_HAL_Driver/Src/stm32f4xx_hal_uart.c.obj
 .debug_abbrev  0x000019e9       0x9e D:/STM32CubeCLT/STM32CubeCLT_1.16.0/GNU-tools-for-STM32/bin/../lib/gcc/arm-none-eabi/12.3.1/../../../../arm-none-eabi/lib/thumb/v7e-m/nofp\libg.a(libc_a-memset.o)
 .debug_abbrev  0x00001a87       0xc9 D:/STM32CubeCLT/STM32CubeCLT_1.16.0/GNU-tools-for-STM32/bin/../lib/gcc/arm-none-eabi/12.3.1/../../../../arm-none-eabi/lib/thumb/v7e-m/nofp\libg.a(libc_a-init.o)
 .debug_abbrev  0x00001b50      0x115 D:/STM32CubeCLT/STM32CubeCLT_1.16.0/GNU-tools-for-STM32/bin/../lib/gcc/arm-none-eabi/12.3.1/../../../../arm-none-eabi/lib/thumb/v7e-m/nofp\libg.a(libc_a-lock.o)
 .debug_abbrev  0x00001c65      0x20c D:/STM32CubeCLT/STM32CubeCLT_1.16.0/GNU-tools-for-STM32/bin/../lib/gcc/arm-none-eabi/12.3.1/../../../../arm-none-eabi/lib/thumb/v7e-m/nofp\libg.a(libc_a-__call_atexit.o)
 .debug_abbrev  0x00001e71       0xc1 D:/STM32CubeCLT/STM32CubeCLT_1.16.0/GNU-tools-for-STM32/bin/../lib/gcc/arm-none-eabi/12.3.1/../../../../arm-none-eabi/lib/thumb/v7e-m/nofp\libg.a(libc_a-atexit.o)
 .debug_abbrev  0x00001f32       0xcc D:/STM32CubeCLT/STM32CubeCLT_1.16.0/GNU-tools-for-STM32/bin/../lib/gcc/arm-none-eabi/12.3.1/../../../../arm-none-eabi/lib/thumb/v7e-m/nofp\libg.a(libc_a-fini.o)
 .debug_abbrev  0x00001ffe      0x189 D:/STM32CubeCLT/STM32CubeCLT_1.16.0/GNU-tools-for-STM32/bin/../lib/gcc/arm-none-eabi/12.3.1/../../../../arm-none-eabi/lib/thumb/v7e-m/nofp\libg.a(libc_a-__atexit.o)

.debug_aranges  0x00000000      0x7f8
 .debug_aranges
                0x00000000       0x20 CMakeFiles/Serial_1.elf.dir/Core/Src/gpio.c.obj
 .debug_aranges
                0x00000020       0x30 CMakeFiles/Serial_1.elf.dir/Core/Src/main.c.obj
 .debug_aranges
                0x00000050       0x20 CMakeFiles/Serial_1.elf.dir/Core/Src/stm32f4xx_hal_msp.c.obj
 .debug_aranges
                0x00000070       0x68 CMakeFiles/Serial_1.elf.dir/Core/Src/stm32f4xx_it.c.obj
 .debug_aranges
                0x000000d8       0x28 CMakeFiles/Serial_1.elf.dir/Core/Src/system_stm32f4xx.c.obj
 .debug_aranges
                0x00000100       0x30 CMakeFiles/Serial_1.elf.dir/Core/Src/usart.c.obj
 .debug_aranges
                0x00000130       0x28 CMakeFiles/Serial_1.elf.dir/Core/Startup/startup_stm32f427iihx.s.obj
 .debug_aranges
                0x00000158      0x100 CMakeFiles/Serial_1.elf.dir/Drivers/STM32F4xx_HAL_Driver/Src/stm32f4xx_hal.c.obj
 .debug_aranges
                0x00000258       0xf8 CMakeFiles/Serial_1.elf.dir/Drivers/STM32F4xx_HAL_Driver/Src/stm32f4xx_hal_cortex.c.obj
 .debug_aranges
                0x00000350       0x90 CMakeFiles/Serial_1.elf.dir/Drivers/STM32F4xx_HAL_Driver/Src/stm32f4xx_hal_dma.c.obj
 .debug_aranges
                0x000003e0       0x58 CMakeFiles/Serial_1.elf.dir/Drivers/STM32F4xx_HAL_Driver/Src/stm32f4xx_hal_gpio.c.obj
 .debug_aranges
                0x00000438       0x88 CMakeFiles/Serial_1.elf.dir/Drivers/STM32F4xx_HAL_Driver/Src/stm32f4xx_hal_rcc.c.obj
 .debug_aranges
                0x000004c0      0x208 CMakeFiles/Serial_1.elf.dir/Drivers/STM32F4xx_HAL_Driver/Src/stm32f4xx_hal_uart.c.obj
 .debug_aranges
                0x000006c8       0x20 D:/STM32CubeCLT/STM32CubeCLT_1.16.0/GNU-tools-for-STM32/bin/../lib/gcc/arm-none-eabi/12.3.1/../../../../arm-none-eabi/lib/thumb/v7e-m/nofp\libg.a(libc_a-memset.o)
 .debug_aranges
                0x000006e8       0x20 D:/STM32CubeCLT/STM32CubeCLT_1.16.0/GNU-tools-for-STM32/bin/../lib/gcc/arm-none-eabi/12.3.1/../../../../arm-none-eabi/lib/thumb/v7e-m/nofp\libg.a(libc_a-init.o)
 .debug_aranges
                0x00000708       0x68 D:/STM32CubeCLT/STM32CubeCLT_1.16.0/GNU-tools-for-STM32/bin/../lib/gcc/arm-none-eabi/12.3.1/../../../../arm-none-eabi/lib/thumb/v7e-m/nofp\libg.a(libc_a-lock.o)
 .debug_aranges
                0x00000770       0x28 D:/STM32CubeCLT/STM32CubeCLT_1.16.0/GNU-tools-for-STM32/bin/../lib/gcc/arm-none-eabi/12.3.1/../../../../arm-none-eabi/lib/thumb/v7e-m/nofp\libg.a(libc_a-__call_atexit.o)
 .debug_aranges
                0x00000798       0x20 D:/STM32CubeCLT/STM32CubeCLT_1.16.0/GNU-tools-for-STM32/bin/../lib/gcc/arm-none-eabi/12.3.1/../../../../arm-none-eabi/lib/thumb/v7e-m/nofp\libg.a(libc_a-atexit.o)
 .debug_aranges
                0x000007b8       0x20 D:/STM32CubeCLT/STM32CubeCLT_1.16.0/GNU-tools-for-STM32/bin/../lib/gcc/arm-none-eabi/12.3.1/../../../../arm-none-eabi/lib/thumb/v7e-m/nofp\libg.a(libc_a-fini.o)
 .debug_aranges
                0x000007d8       0x20 D:/STM32CubeCLT/STM32CubeCLT_1.16.0/GNU-tools-for-STM32/bin/../lib/gcc/arm-none-eabi/12.3.1/../../../../arm-none-eabi/lib/thumb/v7e-m/nofp\libg.a(libc_a-__atexit.o)

.debug_rnglists
                0x00000000      0x5e7
 .debug_rnglists
                0x00000000       0x14 CMakeFiles/Serial_1.elf.dir/Core/Src/gpio.c.obj
 .debug_rnglists
                0x00000014       0x20 CMakeFiles/Serial_1.elf.dir/Core/Src/main.c.obj
 .debug_rnglists
                0x00000034       0x13 CMakeFiles/Serial_1.elf.dir/Core/Src/stm32f4xx_hal_msp.c.obj
 .debug_rnglists
                0x00000047       0x49 CMakeFiles/Serial_1.elf.dir/Core/Src/stm32f4xx_it.c.obj
 .debug_rnglists
                0x00000090       0x1a CMakeFiles/Serial_1.elf.dir/Core/Src/system_stm32f4xx.c.obj
 .debug_rnglists
                0x000000aa       0x20 CMakeFiles/Serial_1.elf.dir/Core/Src/usart.c.obj
 .debug_rnglists
                0x000000ca       0x19 CMakeFiles/Serial_1.elf.dir/Core/Startup/startup_stm32f427iihx.s.obj
 .debug_rnglists
                0x000000e3       0xbb CMakeFiles/Serial_1.elf.dir/Drivers/STM32F4xx_HAL_Driver/Src/stm32f4xx_hal.c.obj
 .debug_rnglists
                0x0000019e       0xb5 CMakeFiles/Serial_1.elf.dir/Drivers/STM32F4xx_HAL_Driver/Src/stm32f4xx_hal_cortex.c.obj
 .debug_rnglists
                0x00000253       0x6c CMakeFiles/Serial_1.elf.dir/Drivers/STM32F4xx_HAL_Driver/Src/stm32f4xx_hal_dma.c.obj
 .debug_rnglists
                0x000002bf       0x3f CMakeFiles/Serial_1.elf.dir/Drivers/STM32F4xx_HAL_Driver/Src/stm32f4xx_hal_gpio.c.obj
 .debug_rnglists
                0x000002fe       0x75 CMakeFiles/Serial_1.elf.dir/Drivers/STM32F4xx_HAL_Driver/Src/stm32f4xx_hal_rcc.c.obj
 .debug_rnglists
                0x00000373      0x1a1 CMakeFiles/Serial_1.elf.dir/Drivers/STM32F4xx_HAL_Driver/Src/stm32f4xx_hal_uart.c.obj
 .debug_rnglists
                0x00000514       0x13 D:/STM32CubeCLT/STM32CubeCLT_1.16.0/GNU-tools-for-STM32/bin/../lib/gcc/arm-none-eabi/12.3.1/../../../../arm-none-eabi/lib/thumb/v7e-m/nofp\libg.a(libc_a-memset.o)
 .debug_rnglists
                0x00000527       0x13 D:/STM32CubeCLT/STM32CubeCLT_1.16.0/GNU-tools-for-STM32/bin/../lib/gcc/arm-none-eabi/12.3.1/../../../../arm-none-eabi/lib/thumb/v7e-m/nofp\libg.a(libc_a-init.o)
 .debug_rnglists
                0x0000053a       0x49 D:/STM32CubeCLT/STM32CubeCLT_1.16.0/GNU-tools-for-STM32/bin/../lib/gcc/arm-none-eabi/12.3.1/../../../../arm-none-eabi/lib/thumb/v7e-m/nofp\libg.a(libc_a-lock.o)
 .debug_rnglists
                0x00000583       0x2a D:/STM32CubeCLT/STM32CubeCLT_1.16.0/GNU-tools-for-STM32/bin/../lib/gcc/arm-none-eabi/12.3.1/../../../../arm-none-eabi/lib/thumb/v7e-m/nofp\libg.a(libc_a-__call_atexit.o)
 .debug_rnglists
                0x000005ad       0x13 D:/STM32CubeCLT/STM32CubeCLT_1.16.0/GNU-tools-for-STM32/bin/../lib/gcc/arm-none-eabi/12.3.1/../../../../arm-none-eabi/lib/thumb/v7e-m/nofp\libg.a(libc_a-atexit.o)
 .debug_rnglists
                0x000005c0       0x13 D:/STM32CubeCLT/STM32CubeCLT_1.16.0/GNU-tools-for-STM32/bin/../lib/gcc/arm-none-eabi/12.3.1/../../../../arm-none-eabi/lib/thumb/v7e-m/nofp\libg.a(libc_a-fini.o)
 .debug_rnglists
                0x000005d3       0x14 D:/STM32CubeCLT/STM32CubeCLT_1.16.0/GNU-tools-for-STM32/bin/../lib/gcc/arm-none-eabi/12.3.1/../../../../arm-none-eabi/lib/thumb/v7e-m/nofp\libg.a(libc_a-__atexit.o)

.debug_line     0x00000000     0x93d4
 .debug_line    0x00000000      0x28d CMakeFiles/Serial_1.elf.dir/Core/Src/gpio.c.obj
 .debug_line    0x0000028d      0x40c CMakeFiles/Serial_1.elf.dir/Core/Src/main.c.obj
 .debug_line    0x00000699      0x1f7 CMakeFiles/Serial_1.elf.dir/Core/Src/stm32f4xx_hal_msp.c.obj
 .debug_line    0x00000890      0x387 CMakeFiles/Serial_1.elf.dir/Core/Src/stm32f4xx_it.c.obj
 .debug_line    0x00000c17      0x2bf CMakeFiles/Serial_1.elf.dir/Core/Src/system_stm32f4xx.c.obj
 .debug_line    0x00000ed6      0x3b4 CMakeFiles/Serial_1.elf.dir/Core/Src/usart.c.obj
 .debug_line    0x0000128a       0x7a CMakeFiles/Serial_1.elf.dir/Core/Startup/startup_stm32f427iihx.s.obj
 .debug_line    0x00001304      0x671 CMakeFiles/Serial_1.elf.dir/Drivers/STM32F4xx_HAL_Driver/Src/stm32f4xx_hal.c.obj
 .debug_line    0x00001975      0x926 CMakeFiles/Serial_1.elf.dir/Drivers/STM32F4xx_HAL_Driver/Src/stm32f4xx_hal_cortex.c.obj
 .debug_line    0x0000229b      0xf14 CMakeFiles/Serial_1.elf.dir/Drivers/STM32F4xx_HAL_Driver/Src/stm32f4xx_hal_dma.c.obj
 .debug_line    0x000031af      0x78c CMakeFiles/Serial_1.elf.dir/Drivers/STM32F4xx_HAL_Driver/Src/stm32f4xx_hal_gpio.c.obj
 .debug_line    0x0000393b      0xbf5 CMakeFiles/Serial_1.elf.dir/Drivers/STM32F4xx_HAL_Driver/Src/stm32f4xx_hal_rcc.c.obj
 .debug_line    0x00004530     0x4392 CMakeFiles/Serial_1.elf.dir/Drivers/STM32F4xx_HAL_Driver/Src/stm32f4xx_hal_uart.c.obj
 .debug_line    0x000088c2      0x17e D:/STM32CubeCLT/STM32CubeCLT_1.16.0/GNU-tools-for-STM32/bin/../lib/gcc/arm-none-eabi/12.3.1/../../../../arm-none-eabi/lib/thumb/v7e-m/nofp\libg.a(libc_a-memset.o)
 .debug_line    0x00008a40      0x188 D:/STM32CubeCLT/STM32CubeCLT_1.16.0/GNU-tools-for-STM32/bin/../lib/gcc/arm-none-eabi/12.3.1/../../../../arm-none-eabi/lib/thumb/v7e-m/nofp\libg.a(libc_a-init.o)
 .debug_line    0x00008bc8      0x19b D:/STM32CubeCLT/STM32CubeCLT_1.16.0/GNU-tools-for-STM32/bin/../lib/gcc/arm-none-eabi/12.3.1/../../../../arm-none-eabi/lib/thumb/v7e-m/nofp\libg.a(libc_a-lock.o)
 .debug_line    0x00008d63      0x28a D:/STM32CubeCLT/STM32CubeCLT_1.16.0/GNU-tools-for-STM32/bin/../lib/gcc/arm-none-eabi/12.3.1/../../../../arm-none-eabi/lib/thumb/v7e-m/nofp\libg.a(libc_a-__call_atexit.o)
 .debug_line    0x00008fed      0x102 D:/STM32CubeCLT/STM32CubeCLT_1.16.0/GNU-tools-for-STM32/bin/../lib/gcc/arm-none-eabi/12.3.1/../../../../arm-none-eabi/lib/thumb/v7e-m/nofp\libg.a(libc_a-atexit.o)
 .debug_line    0x000090ef      0x140 D:/STM32CubeCLT/STM32CubeCLT_1.16.0/GNU-tools-for-STM32/bin/../lib/gcc/arm-none-eabi/12.3.1/../../../../arm-none-eabi/lib/thumb/v7e-m/nofp\libg.a(libc_a-fini.o)
 .debug_line    0x0000922f      0x1a5 D:/STM32CubeCLT/STM32CubeCLT_1.16.0/GNU-tools-for-STM32/bin/../lib/gcc/arm-none-eabi/12.3.1/../../../../arm-none-eabi/lib/thumb/v7e-m/nofp\libg.a(libc_a-__atexit.o)

.debug_str      0x00000000     0x2d5e
 .debug_str     0x00000000      0x351 CMakeFiles/Serial_1.elf.dir/Core/Src/gpio.c.obj
                                0x3a1 (size before relaxing)
 .debug_str     0x00000351      0x645 CMakeFiles/Serial_1.elf.dir/Core/Src/main.c.obj
                                0x96c (size before relaxing)
 .debug_str     0x00000996       0x42 CMakeFiles/Serial_1.elf.dir/Core/Src/stm32f4xx_hal_msp.c.obj
                                0x2e2 (size before relaxing)
 .debug_str     0x000009d8       0xf3 CMakeFiles/Serial_1.elf.dir/Core/Src/stm32f4xx_it.c.obj
                                0x6f3 (size before relaxing)
 .debug_str     0x00000acb       0x9d CMakeFiles/Serial_1.elf.dir/Core/Src/system_stm32f4xx.c.obj
                                0x348 (size before relaxing)
 .debug_str     0x00000b68      0x5f8 CMakeFiles/Serial_1.elf.dir/Core/Src/usart.c.obj
                                0xdde (size before relaxing)
 .debug_str     0x00001160       0x5a CMakeFiles/Serial_1.elf.dir/Core/Startup/startup_stm32f427iihx.s.obj
                                 0x85 (size before relaxing)
 .debug_str     0x000011ba      0x3a0 CMakeFiles/Serial_1.elf.dir/Drivers/STM32F4xx_HAL_Driver/Src/stm32f4xx_hal.c.obj
                                0xc13 (size before relaxing)
 .debug_str     0x0000155a      0x4d5 CMakeFiles/Serial_1.elf.dir/Drivers/STM32F4xx_HAL_Driver/Src/stm32f4xx_hal_cortex.c.obj
                                0xcd6 (size before relaxing)
 .debug_str     0x00001a2f      0x32f CMakeFiles/Serial_1.elf.dir/Drivers/STM32F4xx_HAL_Driver/Src/stm32f4xx_hal_dma.c.obj
                                0x78a (size before relaxing)
 .debug_str     0x00001d5e      0x130 CMakeFiles/Serial_1.elf.dir/Drivers/STM32F4xx_HAL_Driver/Src/stm32f4xx_hal_gpio.c.obj
                                0x507 (size before relaxing)
 .debug_str     0x00001e8e      0x1ba CMakeFiles/Serial_1.elf.dir/Drivers/STM32F4xx_HAL_Driver/Src/stm32f4xx_hal_rcc.c.obj
                                0x72d (size before relaxing)
 .debug_str     0x00002048      0x608 CMakeFiles/Serial_1.elf.dir/Drivers/STM32F4xx_HAL_Driver/Src/stm32f4xx_hal_uart.c.obj
                                0xdaf (size before relaxing)
 .debug_str     0x00002650      0x16a D:/STM32CubeCLT/STM32CubeCLT_1.16.0/GNU-tools-for-STM32/bin/../lib/gcc/arm-none-eabi/12.3.1/../../../../arm-none-eabi/lib/thumb/v7e-m/nofp\libg.a(libc_a-memset.o)
                                0x206 (size before relaxing)
 .debug_str     0x000027ba       0xb6 D:/STM32CubeCLT/STM32CubeCLT_1.16.0/GNU-tools-for-STM32/bin/../lib/gcc/arm-none-eabi/12.3.1/../../../../arm-none-eabi/lib/thumb/v7e-m/nofp\libg.a(libc_a-init.o)
                                0x267 (size before relaxing)
 .debug_str     0x00002870      0x266 D:/STM32CubeCLT/STM32CubeCLT_1.16.0/GNU-tools-for-STM32/bin/../lib/gcc/arm-none-eabi/12.3.1/../../../../arm-none-eabi/lib/thumb/v7e-m/nofp\libg.a(libc_a-lock.o)
                                0x379 (size before relaxing)
 .debug_str     0x00002ad6      0x105 D:/STM32CubeCLT/STM32CubeCLT_1.16.0/GNU-tools-for-STM32/bin/../lib/gcc/arm-none-eabi/12.3.1/../../../../arm-none-eabi/lib/thumb/v7e-m/nofp\libg.a(libc_a-__call_atexit.o)
                                0x343 (size before relaxing)
 .debug_str     0x00002bdb       0x9e D:/STM32CubeCLT/STM32CubeCLT_1.16.0/GNU-tools-for-STM32/bin/../lib/gcc/arm-none-eabi/12.3.1/../../../../arm-none-eabi/lib/thumb/v7e-m/nofp\libg.a(libc_a-atexit.o)
                                0x243 (size before relaxing)
 .debug_str     0x00002c79       0x7a D:/STM32CubeCLT/STM32CubeCLT_1.16.0/GNU-tools-for-STM32/bin/../lib/gcc/arm-none-eabi/12.3.1/../../../../arm-none-eabi/lib/thumb/v7e-m/nofp\libg.a(libc_a-fini.o)
                                0x23d (size before relaxing)
 .debug_str     0x00002cf3       0x6b D:/STM32CubeCLT/STM32CubeCLT_1.16.0/GNU-tools-for-STM32/bin/../lib/gcc/arm-none-eabi/12.3.1/../../../../arm-none-eabi/lib/thumb/v7e-m/nofp\libg.a(libc_a-__atexit.o)
                                0x31a (size before relaxing)

.comment        0x00000000       0x43
 .comment       0x00000000       0x43 CMakeFiles/Serial_1.elf.dir/Core/Src/gpio.c.obj
                                 0x44 (size before relaxing)
 .comment       0x00000043       0x44 CMakeFiles/Serial_1.elf.dir/Core/Src/main.c.obj
 .comment       0x00000043       0x44 CMakeFiles/Serial_1.elf.dir/Core/Src/stm32f4xx_hal_msp.c.obj
 .comment       0x00000043       0x44 CMakeFiles/Serial_1.elf.dir/Core/Src/stm32f4xx_it.c.obj
 .comment       0x00000043       0x44 CMakeFiles/Serial_1.elf.dir/Core/Src/system_stm32f4xx.c.obj
 .comment       0x00000043       0x44 CMakeFiles/Serial_1.elf.dir/Core/Src/usart.c.obj
 .comment       0x00000043       0x44 CMakeFiles/Serial_1.elf.dir/Drivers/STM32F4xx_HAL_Driver/Src/stm32f4xx_hal.c.obj
 .comment       0x00000043       0x44 CMakeFiles/Serial_1.elf.dir/Drivers/STM32F4xx_HAL_Driver/Src/stm32f4xx_hal_cortex.c.obj
 .comment       0x00000043       0x44 CMakeFiles/Serial_1.elf.dir/Drivers/STM32F4xx_HAL_Driver/Src/stm32f4xx_hal_dma.c.obj
 .comment       0x00000043       0x44 CMakeFiles/Serial_1.elf.dir/Drivers/STM32F4xx_HAL_Driver/Src/stm32f4xx_hal_gpio.c.obj
 .comment       0x00000043       0x44 CMakeFiles/Serial_1.elf.dir/Drivers/STM32F4xx_HAL_Driver/Src/stm32f4xx_hal_rcc.c.obj
 .comment       0x00000043       0x44 CMakeFiles/Serial_1.elf.dir/Drivers/STM32F4xx_HAL_Driver/Src/stm32f4xx_hal_uart.c.obj
 .comment       0x00000043       0x44 D:/STM32CubeCLT/STM32CubeCLT_1.16.0/GNU-tools-for-STM32/bin/../lib/gcc/arm-none-eabi/12.3.1/../../../../arm-none-eabi/lib/thumb/v7e-m/nofp\libg.a(libc_a-memset.o)
 .comment       0x00000043       0x44 D:/STM32CubeCLT/STM32CubeCLT_1.16.0/GNU-tools-for-STM32/bin/../lib/gcc/arm-none-eabi/12.3.1/../../../../arm-none-eabi/lib/thumb/v7e-m/nofp\libg.a(libc_a-init.o)
 .comment       0x00000043       0x44 D:/STM32CubeCLT/STM32CubeCLT_1.16.0/GNU-tools-for-STM32/bin/../lib/gcc/arm-none-eabi/12.3.1/../../../../arm-none-eabi/lib/thumb/v7e-m/nofp\libg.a(libc_a-lock.o)
 .comment       0x00000043       0x44 D:/STM32CubeCLT/STM32CubeCLT_1.16.0/GNU-tools-for-STM32/bin/../lib/gcc/arm-none-eabi/12.3.1/../../../../arm-none-eabi/lib/thumb/v7e-m/nofp\libg.a(libc_a-__call_atexit.o)
 .comment       0x00000043       0x44 D:/STM32CubeCLT/STM32CubeCLT_1.16.0/GNU-tools-for-STM32/bin/../lib/gcc/arm-none-eabi/12.3.1/../../../../arm-none-eabi/lib/thumb/v7e-m/nofp\libg.a(libc_a-atexit.o)
 .comment       0x00000043       0x44 D:/STM32CubeCLT/STM32CubeCLT_1.16.0/GNU-tools-for-STM32/bin/../lib/gcc/arm-none-eabi/12.3.1/../../../../arm-none-eabi/lib/thumb/v7e-m/nofp\libg.a(libc_a-fini.o)
 .comment       0x00000043       0x44 D:/STM32CubeCLT/STM32CubeCLT_1.16.0/GNU-tools-for-STM32/bin/../lib/gcc/arm-none-eabi/12.3.1/../../../../arm-none-eabi/lib/thumb/v7e-m/nofp\libg.a(libc_a-__atexit.o)

.debug_frame    0x00000000     0x1208
 .debug_frame   0x00000000       0x34 CMakeFiles/Serial_1.elf.dir/Core/Src/gpio.c.obj
 .debug_frame   0x00000034       0x58 CMakeFiles/Serial_1.elf.dir/Core/Src/main.c.obj
 .debug_frame   0x0000008c       0x28 CMakeFiles/Serial_1.elf.dir/Core/Src/stm32f4xx_hal_msp.c.obj
 .debug_frame   0x000000b4       0xc0 CMakeFiles/Serial_1.elf.dir/Core/Src/stm32f4xx_it.c.obj
 .debug_frame   0x00000174       0x30 CMakeFiles/Serial_1.elf.dir/Core/Src/system_stm32f4xx.c.obj
 .debug_frame   0x000001a4       0x60 CMakeFiles/Serial_1.elf.dir/Core/Src/usart.c.obj
 .debug_frame   0x00000204      0x20c CMakeFiles/Serial_1.elf.dir/Drivers/STM32F4xx_HAL_Driver/Src/stm32f4xx_hal.c.obj
 .debug_frame   0x00000410      0x214 CMakeFiles/Serial_1.elf.dir/Drivers/STM32F4xx_HAL_Driver/Src/stm32f4xx_hal_cortex.c.obj
 .debug_frame   0x00000624      0x188 CMakeFiles/Serial_1.elf.dir/Drivers/STM32F4xx_HAL_Driver/Src/stm32f4xx_hal_dma.c.obj
 .debug_frame   0x000007ac       0xd4 CMakeFiles/Serial_1.elf.dir/Drivers/STM32F4xx_HAL_Driver/Src/stm32f4xx_hal_gpio.c.obj
 .debug_frame   0x00000880      0x16c CMakeFiles/Serial_1.elf.dir/Drivers/STM32F4xx_HAL_Driver/Src/stm32f4xx_hal_rcc.c.obj
 .debug_frame   0x000009ec      0x5dc CMakeFiles/Serial_1.elf.dir/Drivers/STM32F4xx_HAL_Driver/Src/stm32f4xx_hal_uart.c.obj
 .debug_frame   0x00000fc8       0x2c D:/STM32CubeCLT/STM32CubeCLT_1.16.0/GNU-tools-for-STM32/bin/../lib/gcc/arm-none-eabi/12.3.1/thumb/v7e-m/nofp\libgcc.a(_aeabi_uldivmod.o)
 .debug_frame   0x00000ff4       0x34 D:/STM32CubeCLT/STM32CubeCLT_1.16.0/GNU-tools-for-STM32/bin/../lib/gcc/arm-none-eabi/12.3.1/thumb/v7e-m/nofp\libgcc.a(_udivmoddi4.o)
 .debug_frame   0x00001028       0x20 D:/STM32CubeCLT/STM32CubeCLT_1.16.0/GNU-tools-for-STM32/bin/../lib/gcc/arm-none-eabi/12.3.1/../../../../arm-none-eabi/lib/thumb/v7e-m/nofp\libg.a(libc_a-memset.o)
 .debug_frame   0x00001048       0x2c D:/STM32CubeCLT/STM32CubeCLT_1.16.0/GNU-tools-for-STM32/bin/../lib/gcc/arm-none-eabi/12.3.1/../../../../arm-none-eabi/lib/thumb/v7e-m/nofp\libg.a(libc_a-init.o)
 .debug_frame   0x00001074       0xb0 D:/STM32CubeCLT/STM32CubeCLT_1.16.0/GNU-tools-for-STM32/bin/../lib/gcc/arm-none-eabi/12.3.1/../../../../arm-none-eabi/lib/thumb/v7e-m/nofp\libg.a(libc_a-lock.o)
 .debug_frame   0x00001124       0x58 D:/STM32CubeCLT/STM32CubeCLT_1.16.0/GNU-tools-for-STM32/bin/../lib/gcc/arm-none-eabi/12.3.1/../../../../arm-none-eabi/lib/thumb/v7e-m/nofp\libg.a(libc_a-__call_atexit.o)
 .debug_frame   0x0000117c       0x20 D:/STM32CubeCLT/STM32CubeCLT_1.16.0/GNU-tools-for-STM32/bin/../lib/gcc/arm-none-eabi/12.3.1/../../../../arm-none-eabi/lib/thumb/v7e-m/nofp\libg.a(libc_a-atexit.o)
 .debug_frame   0x0000119c       0x38 D:/STM32CubeCLT/STM32CubeCLT_1.16.0/GNU-tools-for-STM32/bin/../lib/gcc/arm-none-eabi/12.3.1/../../../../arm-none-eabi/lib/thumb/v7e-m/nofp\libg.a(libc_a-fini.o)
 .debug_frame   0x000011d4       0x34 D:/STM32CubeCLT/STM32CubeCLT_1.16.0/GNU-tools-for-STM32/bin/../lib/gcc/arm-none-eabi/12.3.1/../../../../arm-none-eabi/lib/thumb/v7e-m/nofp\libg.a(libc_a-__atexit.o)

.debug_loclists
                0x00000000     0x4102
 .debug_loclists
                0x00000000       0xdb CMakeFiles/Serial_1.elf.dir/Core/Src/system_stm32f4xx.c.obj
 .debug_loclists
                0x000000db       0x5d CMakeFiles/Serial_1.elf.dir/Core/Src/usart.c.obj
 .debug_loclists
                0x00000138       0xc9 CMakeFiles/Serial_1.elf.dir/Drivers/STM32F4xx_HAL_Driver/Src/stm32f4xx_hal.c.obj
 .debug_loclists
                0x00000201      0x439 CMakeFiles/Serial_1.elf.dir/Drivers/STM32F4xx_HAL_Driver/Src/stm32f4xx_hal_cortex.c.obj
 .debug_loclists
                0x0000063a      0x763 CMakeFiles/Serial_1.elf.dir/Drivers/STM32F4xx_HAL_Driver/Src/stm32f4xx_hal_dma.c.obj
 .debug_loclists
                0x00000d9d      0x356 CMakeFiles/Serial_1.elf.dir/Drivers/STM32F4xx_HAL_Driver/Src/stm32f4xx_hal_gpio.c.obj
 .debug_loclists
                0x000010f3      0x3a9 CMakeFiles/Serial_1.elf.dir/Drivers/STM32F4xx_HAL_Driver/Src/stm32f4xx_hal_rcc.c.obj
 .debug_loclists
                0x0000149c     0x29f1 CMakeFiles/Serial_1.elf.dir/Drivers/STM32F4xx_HAL_Driver/Src/stm32f4xx_hal_uart.c.obj
 .debug_loclists
                0x00003e8d       0x47 D:/STM32CubeCLT/STM32CubeCLT_1.16.0/GNU-tools-for-STM32/bin/../lib/gcc/arm-none-eabi/12.3.1/../../../../arm-none-eabi/lib/thumb/v7e-m/nofp\libg.a(libc_a-memset.o)
 .debug_loclists
                0x00003ed4       0x44 D:/STM32CubeCLT/STM32CubeCLT_1.16.0/GNU-tools-for-STM32/bin/../lib/gcc/arm-none-eabi/12.3.1/../../../../arm-none-eabi/lib/thumb/v7e-m/nofp\libg.a(libc_a-init.o)
 .debug_loclists
                0x00003f18       0x23 D:/STM32CubeCLT/STM32CubeCLT_1.16.0/GNU-tools-for-STM32/bin/../lib/gcc/arm-none-eabi/12.3.1/../../../../arm-none-eabi/lib/thumb/v7e-m/nofp\libg.a(libc_a-lock.o)
 .debug_loclists
                0x00003f3b       0xd4 D:/STM32CubeCLT/STM32CubeCLT_1.16.0/GNU-tools-for-STM32/bin/../lib/gcc/arm-none-eabi/12.3.1/../../../../arm-none-eabi/lib/thumb/v7e-m/nofp\libg.a(libc_a-__call_atexit.o)
 .debug_loclists
                0x0000400f       0x2a D:/STM32CubeCLT/STM32CubeCLT_1.16.0/GNU-tools-for-STM32/bin/../lib/gcc/arm-none-eabi/12.3.1/../../../../arm-none-eabi/lib/thumb/v7e-m/nofp\libg.a(libc_a-atexit.o)
 .debug_loclists
                0x00004039       0x3b D:/STM32CubeCLT/STM32CubeCLT_1.16.0/GNU-tools-for-STM32/bin/../lib/gcc/arm-none-eabi/12.3.1/../../../../arm-none-eabi/lib/thumb/v7e-m/nofp\libg.a(libc_a-fini.o)
 .debug_loclists
                0x00004074       0x8e D:/STM32CubeCLT/STM32CubeCLT_1.16.0/GNU-tools-for-STM32/bin/../lib/gcc/arm-none-eabi/12.3.1/../../../../arm-none-eabi/lib/thumb/v7e-m/nofp\libg.a(libc_a-__atexit.o)

.debug_line_str
                0x00000000       0x69
 .debug_line_str
                0x00000000       0x69 CMakeFiles/Serial_1.elf.dir/Core/Startup/startup_stm32f427iihx.s.obj
